Microchip Technology Inc, vv3_30 (B) O

Tool Name:
  c:\program files\microchip\mplab c30\bin\bin\..\bin/pic30-coff-ld.exe

Command:
  -p30F2023 \
  -oAFC.cof \
  -Lc:/program files/microchip/mplab c30/bin/bin/.. \
  -Lc:/program files/microchip/mplab c30/bin/bin/../../lib \
  -Lc:/program files/microchip/mplab c30/bin/bin/../../lib/PIC24E \
  -Lc:/program files/microchip/mplab c30/bin/bin/../../support/PIC24E/gld \
  -Lc:/program files/microchip/mplab c30/bin/bin/../../lib/PIC24F \
  -Lc:/program files/microchip/mplab c30/bin/bin/../../support/PIC24F/gld \
  -Lc:/program files/microchip/mplab c30/bin/bin/../../lib/PIC24H \
  -Lc:/program files/microchip/mplab c30/bin/bin/../../support/PIC24H/gld \
  -Lc:/program files/microchip/mplab c30/bin/bin/../../lib/dsPIC30F \
  -Lc:/program files/microchip/mplab c30/bin/bin/../../support/dsPIC30F/gld \
  -Lc:/program files/microchip/mplab c30/bin/bin/../../lib/dsPIC33E \
  -Lc:/program files/microchip/mplab c30/bin/bin/../../support/dsPIC33E/gld \
  -Lc:/program files/microchip/mplab c30/bin/bin/../../lib/dsPIC33F \
  -Lc:/program files/microchip/mplab c30/bin/bin/../../support/dsPIC33F/gld \
  main.o \
  init.o \
  Interrupts.o \
  M24LC64F.o \
  MCP4725F.o \
  C:\Program Files\Microchip\MPLAB C30\lib\libdsp-coff.a \
  C:\Program Files\Microchip\MPLAB C30\lib\libdsp-elf.a \
  -Tp30F2023.gld.00 \
  --defsym=__MPLAB_BUILD=1 \
  --defsym=__MPLAB_DEBUG=1 \
  -Map=AFC.map \
  --report-mem \
  -start-group \
  --library=pic30-coff \
  --library=m-coff \
  --library=c-coff \
  -end-group \

Archive member included because of file (symbol)

c:/program files/microchip/mplab c30/bin/bin/../../lib\libpic30-coff.a(crt0_standard.o)
                              (_resetPRI)
c:/program files/microchip/mplab c30/bin/bin/../../lib\libpic30-coff.a(delay32.o)
                              main.o (__delay32)
c:/program files/microchip/mplab c30/bin/bin/../../lib\libpic30-coff.a(data_init_standard.o)
                              c:/program files/microchip/mplab c30/bin/bin/../../lib\libpic30-coff.a(crt0_standard.o) (_data_init_standard)


Selected CodeGuard Options:
  FGS:GWRP:GWRP_OFF
  FGS:GSS:GSS_OFF

CodeGuard FLASH Memory:
  boot    (none)
  secure  (none)
  general 0x100 to 0x1ffc

CodeGuard RAM Memory:
  general 0x800 to 0x9ff
  secure  (none)
  boot    (none)


Program Memory  [Origin = 0x100, Length = 0x1efe]

section                    address   length (PC units)   length (bytes) (dec)
-------                    -------   -----------------   --------------------
.text                        0x100                0xb0           0x108  (264)
.const                       0x1b0               0x200           0x300  (768)
.text                        0x3b0               0xdc0          0x14a0  (5280)
.dinit                      0x1170                 0x8             0xc  (12)

                     Total program memory used (bytes):         0x18b4  (6324) 53%


Data Memory  [Origin = 0x800, Length = 0x200]

section                    address      alignment gaps    total length  (dec)
-------                    -------      --------------    -------------------
.nbss                        0x800                   0            0x3c  (60)

                        Total data memory used (bytes):           0x3c  (60) 11%


Dynamic Memory Usage

region                     address                      maximum length  (dec)
------                     -------                      ---------------------
heap                             0                                   0  (0)
stack                        0x83c                               0x1c4  (452)

                        Maximum dynamic memory (bytes):          0x1c4  (452)


External Symbols in Data Memory (by address):

                    0x0800                  _state
                    0x0802                  _IMotor1
                    0x0804                  _IMotor2
                    0x0806                  _triggerINT
                    0x0808                  _motorOrDelay
                    0x080a                  _setDir
                    0x080c                  _stepSize
                    0x080e                  _motorStep
                    0x0810                  _motorPos
                    0x0812                  _homePos
                    0x0814                  _motorPosAddress
                    0x0816                  _error
                    0x0818                  _homeAddress
                    0x081a                  _sampleTrigger
                    0x081c                  _faultStatus
                    0x081e                  _count
                    0x0820                  _heatPerPulse
                    0x0822                  _prevReflectedPower
                    0x0824                  _reflectedPower
                    0x0826                  _coolRate
                    0x0828                  _thermalCounter
                    0x082a                  _thermalCounter2
                    0x082c                  _target
                    0x082e                  _heatAccumulator
                    0x0832                  _counterA
                    0x0834                  _counterB
                    0x0836                  _warmUpComplete
                    0x0838                  _autoControl
                    0x083a                  _manualControl

External Symbols in Data Memory (by name):

                    0x0802                  _IMotor1
                    0x0804                  _IMotor2
                    0x0838                  _autoControl
                    0x0826                  _coolRate
                    0x081e                  _count
                    0x0832                  _counterA
                    0x0834                  _counterB
                    0x0816                  _error
                    0x081c                  _faultStatus
                    0x082e                  _heatAccumulator
                    0x0820                  _heatPerPulse
                    0x0818                  _homeAddress
                    0x0812                  _homePos
                    0x083a                  _manualControl
                    0x0808                  _motorOrDelay
                    0x0810                  _motorPos
                    0x0814                  _motorPosAddress
                    0x080e                  _motorStep
                    0x0822                  _prevReflectedPower
                    0x0824                  _reflectedPower
                    0x081a                  _sampleTrigger
                    0x080a                  _setDir
                    0x0800                  _state
                    0x080c                  _stepSize
                    0x082c                  _target
                    0x0828                  _thermalCounter
                    0x082a                  _thermalCounter2
                    0x0806                  _triggerINT
                    0x0836                  _warmUpComplete

External Symbols in Program Memory (by address):

                  0x000100                  __resetPRI
                  0x000122                  __psv_init
                  0x000132                  ___delay32
                  0x00014e                  __data_init_standard
                  0x00014e                  __data_init
                  0x0001ac                  __DefaultInterrupt
                  0x0001b0                  _winding1ATable
                  0x0002b0                  _winding1BTable
                  0x0003b0                  _main
                  0x0003d0                  _stateMachine
                  0x00064a                  _checkState
                  0x00068e                  _calcThermalError
                  0x00069c                  _moveMotorThermal
                  0x00070e                  _moveMotor
                  0x000722                  _updateAnalogOut
                  0x000732                  _disableINT0
                  0x00073e                  _enableINT0
                  0x00074a                  _checkFaults
                  0x00080e                  _indexMotor
                  0x000890                  _initPeripherals
                  0x00091e                  _initInterrupts
                  0x000964                  _initPWM
                  0x000a84                  _initADC
                  0x000af8                  _initTMR
                  0x000b50                  _M24LC64FWriteWord
                  0x000ba4                  _M24LC64FReadWord
                  0x000c04                  _ByteWriteI2C
                  0x000d24                  _ByteReadI2C
                  0x000e08                  _MCP4725FWriteWord
                  0x000ee2                  _MCP4725FReadWord
                  0x000fdc                  __ADCInterrupt
                  0x000fe8                  __PWMSpEventMatchInterrupt
                  0x0010fc                  __INT0Interrupt
                  0x001138                  __INT2Interrupt
                  0x001152                  __T2Interrupt
                  0x001166                  __T3Interrupt
                  0xf80004                  __FGS.sec

External Symbols in Program Memory (by name):

                  0x000d24                  _ByteReadI2C
                  0x000c04                  _ByteWriteI2C
                  0x000ba4                  _M24LC64FReadWord
                  0x000b50                  _M24LC64FWriteWord
                  0x000ee2                  _MCP4725FReadWord
                  0x000e08                  _MCP4725FWriteWord
                  0x000fdc                  __ADCInterrupt
                  0x0001ac                  __DefaultInterrupt
                  0xf80004                  __FGS.sec
                  0x0010fc                  __INT0Interrupt
                  0x001138                  __INT2Interrupt
                  0x000fe8                  __PWMSpEventMatchInterrupt
                  0x001152                  __T2Interrupt
                  0x001166                  __T3Interrupt
                  0x000132                  ___delay32
                  0x00014e                  __data_init
                  0x00014e                  __data_init_standard
                  0x000122                  __psv_init
                  0x000100                  __resetPRI
                  0x00068e                  _calcThermalError
                  0x00074a                  _checkFaults
                  0x00064a                  _checkState
                  0x000732                  _disableINT0
                  0x00073e                  _enableINT0
                  0x00080e                  _indexMotor
                  0x000a84                  _initADC
                  0x00091e                  _initInterrupts
                  0x000964                  _initPWM
                  0x000890                  _initPeripherals
                  0x000af8                  _initTMR
                  0x0003b0                  _main
                  0x00070e                  _moveMotor
                  0x00069c                  _moveMotorThermal
                  0x0003d0                  _stateMachine
                  0x000722                  _updateAnalogOut
                  0x0001b0                  _winding1ATable
                  0x0002b0                  _winding1BTable

Memory Configuration

Name             Origin             Length             Attributes
data             0x000800           0x000200           a !xr
reset            0x000000           0x000004  
ivt              0x000004           0x00007c  
aivt             0x000084           0x00007c  
program          0x000100           0x001efe           xr
FBS              0xf80000           0x000002  
FGS              0xf80004           0x000002  
FOSCSEL          0xf80006           0x000002  
FOSC             0xf80008           0x000002  
FWDT             0xf8000a           0x000002  
FPOR             0xf8000c           0x000002  
FICD             0xf8000e           0x000002  
FUID0            0xf80010           0x000002  
FUID1            0xf80012           0x000002  
*default*        0x000000           0xffffffff  

Linker script and memory map

LOAD main.o
LOAD init.o
LOAD Interrupts.o
LOAD M24LC64F.o
LOAD MCP4725F.o
LOAD C:\Program Files\Microchip\MPLAB C30\lib\libdsp-coff.a
LOAD C:\Program Files\Microchip\MPLAB C30\lib\libdsp-elf.a
LOAD c:/program files/microchip/mplab c30/bin/bin/../../lib/dsPIC30F\libp30F2023-coff.a
                    0xf80000                  __FBS = 0xf80000
                    0xf80004                  __FGS = 0xf80004
                    0xf80006                  __FOSCSEL = 0xf80006
                    0xf80008                  __FOSC = 0xf80008
                    0xf8000a                  __FWDT = 0xf8000a
                    0xf8000c                  __FPOR = 0xf8000c
                    0xf8000e                  __FICD = 0xf8000e
                    0xf80010                  __FUID0 = 0xf80010
                    0xf80012                  __FUID1 = 0xf80012
                    0x0001                  __NO_HANDLES = 0x1
                    0x0004                  __IVT_BASE = 0x4
                    0x0084                  __AIVT_BASE = 0x84
                    0x0800                  __DATA_BASE = 0x800
                    0x0200                  __DATA_LENGTH = 0x200
                    0x0900                  __YDATA_BASE = 0x900
                    0x0100                  __CODE_BASE = 0x100
                    0x1f00                  __CODE_LENGTH = 0x1f00

.reset            0x000000          0x4
                  0x000000          0x2 SHORT 0x100 ABSOLUTE (__reset)
                  0x000001          0x2 SHORT 0x4
                  0x000002          0x2 SHORT 0x0 ((ABSOLUTE (__reset) >> 0x10) & 0x7f)
                  0x000003          0x2 SHORT 0x0

.text             0x000100         0xb0
 *(.init)
 .init            0x000100         0x32 c:/program files/microchip/mplab c30/bin/bin/../../lib\libpic30-coff.a(crt0_standard.o)
                  0x000100                  _resetPRI
                  0x000100                  _reset
                  0x000122                  _psv_init
 .init            0x000132         0x1c c:/program files/microchip/mplab c30/bin/bin/../../lib\libpic30-coff.a(delay32.o)
                  0x000132                  __delay32
 .init            0x00014e         0x5e c:/program files/microchip/mplab c30/bin/bin/../../lib\libpic30-coff.a(data_init_standard.o)
                  0x00014e                  _data_init_standard
                  0x00014e                  _data_init
 *(.user_init)
 *(.handle)
 *(.isr*)
 .isr             0x0001ac          0x4 default_isr
                  0x0001ac                  _DefaultInterrupt
 *(.libc)
 *(.libm)
 *(.libdsp)
 *(.lib*)

usercode
 *(usercode)

__FBS
 *(__FBS.sec)

__FGS             0xf80004          0x2
 *(__FGS.sec)
 __FGS.sec        0xf80004          0x2 FGS
                  0xf80004                  _FGS.sec

__FOSCSEL         0xf80006          0x2
 *(__FOSCSEL.sec)
 __FOSCSEL.sec    0xf80006          0x2 main.o

__FOSC            0xf80008          0x2
 *(__FOSC.sec)
 __FOSC.sec       0xf80008          0x2 main.o

__FWDT            0xf8000a          0x2
 *(__FWDT.sec)
 __FWDT.sec       0xf8000a          0x2 main.o

__FPOR            0xf8000c          0x2
 *(__FPOR.sec)
 __FPOR.sec       0xf8000c          0x2 main.o

__FICD            0xf8000e          0x2
 *(__FICD.sec)
 __FICD.sec       0xf8000e          0x2 main.o

__FUID0
 *(__FUID0.sec)

__FUID1
 *(__FUID1.sec)

userdata
 *(userdata)

.comment
 *(.comment)

.debug_info
 *(.debug_info)
 *(.gnu.linkonce.wi.*)

.debug_abbrev
 *(.debug_abbrev)

.debug_line
 *(.debug_line)

.debug_frame
 *(.debug_frame)

.debug_str
 *(.debug_str)

.debug_loc
 *(.debug_loc)

.debug_macinfo
 *(.debug_macinfo)

.debug_pubnames
 *(.debug_pubnames)

.debug_ranges
 *(.debug_ranges)

.debug_aranges
 *(.debug_aranges)

.ivt              0x000004         0x7c
                  0x000004          0x4 LONG 0x1ac DEFINED (__ReservedTrap0)?ABSOLUTE (__ReservedTrap0):ABSOLUTE (__DefaultInterrupt)
                  0x000006          0x4 LONG 0x1ac DEFINED (__OscillatorFail)?ABSOLUTE (__OscillatorFail):ABSOLUTE (__DefaultInterrupt)
                  0x000008          0x4 LONG 0x1ac DEFINED (__AddressError)?ABSOLUTE (__AddressError):ABSOLUTE (__DefaultInterrupt)
                  0x00000a          0x4 LONG 0x1ac DEFINED (__StackError)?ABSOLUTE (__StackError):ABSOLUTE (__DefaultInterrupt)
                  0x00000c          0x4 LONG 0x1ac DEFINED (__MathError)?ABSOLUTE (__MathError):ABSOLUTE (__DefaultInterrupt)
                  0x00000e          0x4 LONG 0x1ac DEFINED (__ReservedTrap5)?ABSOLUTE (__ReservedTrap5):ABSOLUTE (__DefaultInterrupt)
                  0x000010          0x4 LONG 0x1ac DEFINED (__ReservedTrap6)?ABSOLUTE (__ReservedTrap6):ABSOLUTE (__DefaultInterrupt)
                  0x000012          0x4 LONG 0x1ac DEFINED (__ReservedTrap7)?ABSOLUTE (__ReservedTrap7):ABSOLUTE (__DefaultInterrupt)
                  0x000014          0x4 LONG 0x10fc DEFINED (__INT0Interrupt)?ABSOLUTE (__INT0Interrupt):ABSOLUTE (__DefaultInterrupt)
                  0x000016          0x4 LONG 0x1ac DEFINED (__IC1Interrupt)?ABSOLUTE (__IC1Interrupt):ABSOLUTE (__DefaultInterrupt)
                  0x000018          0x4 LONG 0x1ac DEFINED (__OC1Interrupt)?ABSOLUTE (__OC1Interrupt):ABSOLUTE (__DefaultInterrupt)
                  0x00001a          0x4 LONG 0x1ac DEFINED (__T1Interrupt)?ABSOLUTE (__T1Interrupt):ABSOLUTE (__DefaultInterrupt)
                  0x00001c          0x4 LONG 0x1ac DEFINED (__Interrupt4)?ABSOLUTE (__Interrupt4):ABSOLUTE (__DefaultInterrupt)
                  0x00001e          0x4 LONG 0x1ac DEFINED (__OC2Interrupt)?ABSOLUTE (__OC2Interrupt):ABSOLUTE (__DefaultInterrupt)
                  0x000020          0x4 LONG 0x1152 DEFINED (__T2Interrupt)?ABSOLUTE (__T2Interrupt):ABSOLUTE (__DefaultInterrupt)
                  0x000022          0x4 LONG 0x1166 DEFINED (__T3Interrupt)?ABSOLUTE (__T3Interrupt):ABSOLUTE (__DefaultInterrupt)
                  0x000024          0x4 LONG 0x1ac DEFINED (__SPI1Interrupt)?ABSOLUTE (__SPI1Interrupt):ABSOLUTE (__DefaultInterrupt)
                  0x000026          0x4 LONG 0x1ac DEFINED (__U1RXInterrupt)?ABSOLUTE (__U1RXInterrupt):ABSOLUTE (__DefaultInterrupt)
                  0x000028          0x4 LONG 0x1ac DEFINED (__U1TXInterrupt)?ABSOLUTE (__U1TXInterrupt):ABSOLUTE (__DefaultInterrupt)
                  0x00002a          0x4 LONG 0xfdc DEFINED (__ADCInterrupt)?ABSOLUTE (__ADCInterrupt):ABSOLUTE (__DefaultInterrupt)
                  0x00002c          0x4 LONG 0x1ac DEFINED (__NVMInterrupt)?ABSOLUTE (__NVMInterrupt):ABSOLUTE (__DefaultInterrupt)
                  0x00002e          0x4 LONG 0x1ac DEFINED (__SI2CInterrupt)?ABSOLUTE (__SI2CInterrupt):ABSOLUTE (__DefaultInterrupt)
                  0x000030          0x4 LONG 0x1ac DEFINED (__MI2CInterrupt)?ABSOLUTE (__MI2CInterrupt):ABSOLUTE (__DefaultInterrupt)
                  0x000032          0x4 LONG 0x1ac DEFINED (__Interrupt15)?ABSOLUTE (__Interrupt15):ABSOLUTE (__DefaultInterrupt)
                  0x000034          0x4 LONG 0x1ac DEFINED (__INT1Interrupt)?ABSOLUTE (__INT1Interrupt):ABSOLUTE (__DefaultInterrupt)
                  0x000036          0x4 LONG 0x1138 DEFINED (__INT2Interrupt)?ABSOLUTE (__INT2Interrupt):ABSOLUTE (__DefaultInterrupt)
                  0x000038          0x4 LONG 0xfe8 DEFINED (__PWMSpEventMatchInterrupt)?ABSOLUTE (__PWMSpEventMatchInterrupt):ABSOLUTE (__DefaultInterrupt)
                  0x00003a          0x4 LONG 0x1ac DEFINED (__PWM1Interrupt)?ABSOLUTE (__PWM1Interrupt):ABSOLUTE (__DefaultInterrupt)
                  0x00003c          0x4 LONG 0x1ac DEFINED (__PWM2Interrupt)?ABSOLUTE (__PWM2Interrupt):ABSOLUTE (__DefaultInterrupt)
                  0x00003e          0x4 LONG 0x1ac DEFINED (__PWM3Interrupt)?ABSOLUTE (__PWM3Interrupt):ABSOLUTE (__DefaultInterrupt)
                  0x000040          0x4 LONG 0x1ac DEFINED (__PWM4Interrupt)?ABSOLUTE (__PWM4Interrupt):ABSOLUTE (__DefaultInterrupt)
                  0x000042          0x4 LONG 0x1ac DEFINED (__Interrupt23)?ABSOLUTE (__Interrupt23):ABSOLUTE (__DefaultInterrupt)
                  0x000044          0x4 LONG 0x1ac DEFINED (__Interrupt24)?ABSOLUTE (__Interrupt24):ABSOLUTE (__DefaultInterrupt)
                  0x000046          0x4 LONG 0x1ac DEFINED (__Interrupt25)?ABSOLUTE (__Interrupt25):ABSOLUTE (__DefaultInterrupt)
                  0x000048          0x4 LONG 0x1ac DEFINED (__Interrupt26)?ABSOLUTE (__Interrupt26):ABSOLUTE (__DefaultInterrupt)
                  0x00004a          0x4 LONG 0x1ac DEFINED (__CNInterrupt)?ABSOLUTE (__CNInterrupt):ABSOLUTE (__DefaultInterrupt)
                  0x00004c          0x4 LONG 0x1ac DEFINED (__Interrupt28)?ABSOLUTE (__Interrupt28):ABSOLUTE (__DefaultInterrupt)
                  0x00004e          0x4 LONG 0x1ac DEFINED (__CMP1Interrupt)?ABSOLUTE (__CMP1Interrupt):ABSOLUTE (__DefaultInterrupt)
                  0x000050          0x4 LONG 0x1ac DEFINED (__CMP2Interrupt)?ABSOLUTE (__CMP2Interrupt):ABSOLUTE (__DefaultInterrupt)
                  0x000052          0x4 LONG 0x1ac DEFINED (__CMP3Interrupt)?ABSOLUTE (__CMP3Interrupt):ABSOLUTE (__DefaultInterrupt)
                  0x000054          0x4 LONG 0x1ac DEFINED (__CMP4Interrupt)?ABSOLUTE (__CMP4Interrupt):ABSOLUTE (__DefaultInterrupt)
                  0x000056          0x4 LONG 0x1ac DEFINED (__Interrupt33)?ABSOLUTE (__Interrupt33):ABSOLUTE (__DefaultInterrupt)
                  0x000058          0x4 LONG 0x1ac DEFINED (__Interrupt34)?ABSOLUTE (__Interrupt34):ABSOLUTE (__DefaultInterrupt)
                  0x00005a          0x4 LONG 0x1ac DEFINED (__Interrupt35)?ABSOLUTE (__Interrupt35):ABSOLUTE (__DefaultInterrupt)
                  0x00005c          0x4 LONG 0x1ac DEFINED (__Interrupt36)?ABSOLUTE (__Interrupt36):ABSOLUTE (__DefaultInterrupt)
                  0x00005e          0x4 LONG 0x1ac DEFINED (__ADCP0Interrupt)?ABSOLUTE (__ADCP0Interrupt):ABSOLUTE (__DefaultInterrupt)
                  0x000060          0x4 LONG 0x1ac DEFINED (__ADCP1Interrupt)?ABSOLUTE (__ADCP1Interrupt):ABSOLUTE (__DefaultInterrupt)
                  0x000062          0x4 LONG 0x1ac DEFINED (__ADCP2Interrupt)?ABSOLUTE (__ADCP2Interrupt):ABSOLUTE (__DefaultInterrupt)
                  0x000064          0x4 LONG 0x1ac DEFINED (__ADCP3Interrupt)?ABSOLUTE (__ADCP3Interrupt):ABSOLUTE (__DefaultInterrupt)
                  0x000066          0x4 LONG 0x1ac DEFINED (__ADCP4Interrupt)?ABSOLUTE (__ADCP4Interrupt):ABSOLUTE (__DefaultInterrupt)
                  0x000068          0x4 LONG 0x1ac DEFINED (__ADCP5Interrupt)?ABSOLUTE (__ADCP5Interrupt):ABSOLUTE (__DefaultInterrupt)
                  0x00006a          0x4 LONG 0x1ac DEFINED (__Interrupt43)?ABSOLUTE (__Interrupt43):ABSOLUTE (__DefaultInterrupt)
                  0x00006c          0x4 LONG 0x1ac DEFINED (__Interrupt44)?ABSOLUTE (__Interrupt44):ABSOLUTE (__DefaultInterrupt)
                  0x00006e          0x4 LONG 0x1ac DEFINED (__Interrupt45)?ABSOLUTE (__Interrupt45):ABSOLUTE (__DefaultInterrupt)
                  0x000070          0x4 LONG 0x1ac DEFINED (__Interrupt46)?ABSOLUTE (__Interrupt46):ABSOLUTE (__DefaultInterrupt)
                  0x000072          0x4 LONG 0x1ac DEFINED (__Interrupt47)?ABSOLUTE (__Interrupt47):ABSOLUTE (__DefaultInterrupt)
                  0x000074          0x4 LONG 0x1ac DEFINED (__Interrupt48)?ABSOLUTE (__Interrupt48):ABSOLUTE (__DefaultInterrupt)
                  0x000076          0x4 LONG 0x1ac DEFINED (__Interrupt49)?ABSOLUTE (__Interrupt49):ABSOLUTE (__DefaultInterrupt)
                  0x000078          0x4 LONG 0x1ac DEFINED (__Interrupt50)?ABSOLUTE (__Interrupt50):ABSOLUTE (__DefaultInterrupt)
                  0x00007a          0x4 LONG 0x1ac DEFINED (__Interrupt51)?ABSOLUTE (__Interrupt51):ABSOLUTE (__DefaultInterrupt)
                  0x00007c          0x4 LONG 0x1ac DEFINED (__Interrupt52)?ABSOLUTE (__Interrupt52):ABSOLUTE (__DefaultInterrupt)
                  0x00007e          0x4 LONG 0x1ac DEFINED (__Interrupt53)?ABSOLUTE (__Interrupt53):ABSOLUTE (__DefaultInterrupt)

.aivt             0x000084         0x7c
                  0x000084          0x4 LONG 0x1ac DEFINED (__AltReservedTrap0)?ABSOLUTE (__AltReservedTrap0):DEFINED (__ReservedTrap0)?ABSOLUTE (__ReservedTrap0):ABSOLUTE (__DefaultInterrupt)
                  0x000086          0x4 LONG 0x1ac DEFINED (__AltOscillatorFail)?ABSOLUTE (__AltOscillatorFail):DEFINED (__OscillatorFail)?ABSOLUTE (__OscillatorFail):ABSOLUTE (__DefaultInterrupt)
                  0x000088          0x4 LONG 0x1ac DEFINED (__AltAddressError)?ABSOLUTE (__AltAddressError):DEFINED (__AddressError)?ABSOLUTE (__AddressError):ABSOLUTE (__DefaultInterrupt)
                  0x00008a          0x4 LONG 0x1ac DEFINED (__AltStackError)?ABSOLUTE (__AltStackError):DEFINED (__StackError)?ABSOLUTE (__StackError):ABSOLUTE (__DefaultInterrupt)
                  0x00008c          0x4 LONG 0x1ac DEFINED (__AltMathError)?ABSOLUTE (__AltMathError):DEFINED (__MathError)?ABSOLUTE (__MathError):ABSOLUTE (__DefaultInterrupt)
                  0x00008e          0x4 LONG 0x1ac DEFINED (__AltReservedTrap5)?ABSOLUTE (__AltReservedTrap5):DEFINED (__ReservedTrap5)?ABSOLUTE (__ReservedTrap5):ABSOLUTE (__DefaultInterrupt)
                  0x000090          0x4 LONG 0x1ac DEFINED (__AltReservedTrap6)?ABSOLUTE (__AltReservedTrap6):DEFINED (__ReservedTrap6)?ABSOLUTE (__ReservedTrap6):ABSOLUTE (__DefaultInterrupt)
                  0x000092          0x4 LONG 0x1ac DEFINED (__AltReservedTrap7)?ABSOLUTE (__AltReservedTrap7):DEFINED (__ReservedTrap7)?ABSOLUTE (__ReservedTrap7):ABSOLUTE (__DefaultInterrupt)
                  0x000094          0x4 LONG 0x10fc DEFINED (__AltINT0Interrupt)?ABSOLUTE (__AltINT0Interrupt):DEFINED (__INT0Interrupt)?ABSOLUTE (__INT0Interrupt):ABSOLUTE (__DefaultInterrupt)
                  0x000096          0x4 LONG 0x1ac DEFINED (__AltIC1Interrupt)?ABSOLUTE (__AltIC1Interrupt):DEFINED (__IC1Interrupt)?ABSOLUTE (__IC1Interrupt):ABSOLUTE (__DefaultInterrupt)
                  0x000098          0x4 LONG 0x1ac DEFINED (__AltOC1Interrupt)?ABSOLUTE (__AltOC1Interrupt):DEFINED (__OC1Interrupt)?ABSOLUTE (__OC1Interrupt):ABSOLUTE (__DefaultInterrupt)
                  0x00009a          0x4 LONG 0x1ac DEFINED (__AltT1Interrupt)?ABSOLUTE (__AltT1Interrupt):DEFINED (__T1Interrupt)?ABSOLUTE (__T1Interrupt):ABSOLUTE (__DefaultInterrupt)
                  0x00009c          0x4 LONG 0x1ac DEFINED (__AltInterrupt4)?ABSOLUTE (__AltInterrupt4):DEFINED (__Interrupt4)?ABSOLUTE (__Interrupt4):ABSOLUTE (__DefaultInterrupt)
                  0x00009e          0x4 LONG 0x1ac DEFINED (__AltOC2Interrupt)?ABSOLUTE (__AltOC2Interrupt):DEFINED (__OC2Interrupt)?ABSOLUTE (__OC2Interrupt):ABSOLUTE (__DefaultInterrupt)
                  0x0000a0          0x4 LONG 0x1152 DEFINED (__AltT2Interrupt)?ABSOLUTE (__AltT2Interrupt):DEFINED (__T2Interrupt)?ABSOLUTE (__T2Interrupt):ABSOLUTE (__DefaultInterrupt)
                  0x0000a2          0x4 LONG 0x1166 DEFINED (__AltT3Interrupt)?ABSOLUTE (__AltT3Interrupt):DEFINED (__T3Interrupt)?ABSOLUTE (__T3Interrupt):ABSOLUTE (__DefaultInterrupt)
                  0x0000a4          0x4 LONG 0x1ac DEFINED (__AltSPI1Interrupt)?ABSOLUTE (__AltSPI1Interrupt):DEFINED (__SPI1Interrupt)?ABSOLUTE (__SPI1Interrupt):ABSOLUTE (__DefaultInterrupt)
                  0x0000a6          0x4 LONG 0x1ac DEFINED (__AltU1RXInterrupt)?ABSOLUTE (__AltU1RXInterrupt):DEFINED (__U1RXInterrupt)?ABSOLUTE (__U1RXInterrupt):ABSOLUTE (__DefaultInterrupt)
                  0x0000a8          0x4 LONG 0x1ac DEFINED (__AltU1TXInterrupt)?ABSOLUTE (__AltU1TXInterrupt):DEFINED (__U1TXInterrupt)?ABSOLUTE (__U1TXInterrupt):ABSOLUTE (__DefaultInterrupt)
                  0x0000aa          0x4 LONG 0xfdc DEFINED (__AltADCInterrupt)?ABSOLUTE (__AltADCInterrupt):DEFINED (__ADCInterrupt)?ABSOLUTE (__ADCInterrupt):ABSOLUTE (__DefaultInterrupt)
                  0x0000ac          0x4 LONG 0x1ac DEFINED (__AltNVMInterrupt)?ABSOLUTE (__AltNVMInterrupt):DEFINED (__NVMInterrupt)?ABSOLUTE (__NVMInterrupt):ABSOLUTE (__DefaultInterrupt)
                  0x0000ae          0x4 LONG 0x1ac DEFINED (__AltSI2CInterrupt)?ABSOLUTE (__AltSI2CInterrupt):DEFINED (__SI2CInterrupt)?ABSOLUTE (__SI2CInterrupt):ABSOLUTE (__DefaultInterrupt)
                  0x0000b0          0x4 LONG 0x1ac DEFINED (__AltMI2CInterrupt)?ABSOLUTE (__AltMI2CInterrupt):DEFINED (__MI2CInterrupt)?ABSOLUTE (__MI2CInterrupt):ABSOLUTE (__DefaultInterrupt)
                  0x0000b2          0x4 LONG 0x1ac DEFINED (__AltInterrupt15)?ABSOLUTE (__AltInterrupt15):DEFINED (__Interrupt15)?ABSOLUTE (__Interrupt15):ABSOLUTE (__DefaultInterrupt)
                  0x0000b4          0x4 LONG 0x1ac DEFINED (__AltINT1Interrupt)?ABSOLUTE (__AltINT1Interrupt):DEFINED (__INT1Interrupt)?ABSOLUTE (__INT1Interrupt):ABSOLUTE (__DefaultInterrupt)
                  0x0000b6          0x4 LONG 0x1138 DEFINED (__AltINT2Interrupt)?ABSOLUTE (__AltINT2Interrupt):DEFINED (__INT2Interrupt)?ABSOLUTE (__INT2Interrupt):ABSOLUTE (__DefaultInterrupt)
                  0x0000b8          0x4 LONG 0xfe8 DEFINED (__AltPWMSpEventMatchInterrupt)?ABSOLUTE (__AltPWMSpEventMatchInterrupt):DEFINED (__PWMSpEventMatchInterrupt)?ABSOLUTE (__PWMSpEventMatchInterrupt):ABSOLUTE (__DefaultInterrupt)
                  0x0000ba          0x4 LONG 0x1ac DEFINED (__AltPWM1Interrupt)?ABSOLUTE (__AltPWM1Interrupt):DEFINED (__PWM1Interrupt)?ABSOLUTE (__PWM1Interrupt):ABSOLUTE (__DefaultInterrupt)
                  0x0000bc          0x4 LONG 0x1ac DEFINED (__AltPWM2Interrupt)?ABSOLUTE (__AltPWM2Interrupt):DEFINED (__PWM2Interrupt)?ABSOLUTE (__PWM2Interrupt):ABSOLUTE (__DefaultInterrupt)
                  0x0000be          0x4 LONG 0x1ac DEFINED (__AltPWM3Interrupt)?ABSOLUTE (__AltPWM3Interrupt):DEFINED (__PWM3Interrupt)?ABSOLUTE (__PWM3Interrupt):ABSOLUTE (__DefaultInterrupt)
                  0x0000c0          0x4 LONG 0x1ac DEFINED (__AltPWM4Interrupt)?ABSOLUTE (__AltPWM4Interrupt):DEFINED (__PWM4Interrupt)?ABSOLUTE (__PWM4Interrupt):ABSOLUTE (__DefaultInterrupt)
                  0x0000c2          0x4 LONG 0x1ac DEFINED (__AltInterrupt23)?ABSOLUTE (__AltInterrupt23):DEFINED (__Interrupt23)?ABSOLUTE (__Interrupt23):ABSOLUTE (__DefaultInterrupt)
                  0x0000c4          0x4 LONG 0x1ac DEFINED (__AltInterrupt24)?ABSOLUTE (__AltInterrupt24):DEFINED (__Interrupt24)?ABSOLUTE (__Interrupt24):ABSOLUTE (__DefaultInterrupt)
                  0x0000c6          0x4 LONG 0x1ac DEFINED (__AltInterrupt25)?ABSOLUTE (__AltInterrupt25):DEFINED (__Interrupt25)?ABSOLUTE (__Interrupt25):ABSOLUTE (__DefaultInterrupt)
                  0x0000c8          0x4 LONG 0x1ac DEFINED (__AltInterrupt26)?ABSOLUTE (__AltInterrupt26):DEFINED (__Interrupt26)?ABSOLUTE (__Interrupt26):ABSOLUTE (__DefaultInterrupt)
                  0x0000ca          0x4 LONG 0x1ac DEFINED (__AltCNInterrupt)?ABSOLUTE (__AltCNInterrupt):DEFINED (__CNInterrupt)?ABSOLUTE (__CNInterrupt):ABSOLUTE (__DefaultInterrupt)
                  0x0000cc          0x4 LONG 0x1ac DEFINED (__AltInterrupt28)?ABSOLUTE (__AltInterrupt28):DEFINED (__Interrupt28)?ABSOLUTE (__Interrupt28):ABSOLUTE (__DefaultInterrupt)
                  0x0000ce          0x4 LONG 0x1ac DEFINED (__AltCMP1Interrupt)?ABSOLUTE (__AltCMP1Interrupt):DEFINED (__CMP1Interrupt)?ABSOLUTE (__CMP1Interrupt):ABSOLUTE (__DefaultInterrupt)
                  0x0000d0          0x4 LONG 0x1ac DEFINED (__AltCMP2Interrupt)?ABSOLUTE (__AltCMP2Interrupt):DEFINED (__CMP2Interrupt)?ABSOLUTE (__CMP2Interrupt):ABSOLUTE (__DefaultInterrupt)
                  0x0000d2          0x4 LONG 0x1ac DEFINED (__AltCMP3Interrupt)?ABSOLUTE (__AltCMP3Interrupt):DEFINED (__CMP3Interrupt)?ABSOLUTE (__CMP3Interrupt):ABSOLUTE (__DefaultInterrupt)
                  0x0000d4          0x4 LONG 0x1ac DEFINED (__AltCMP4Interrupt)?ABSOLUTE (__AltCMP4Interrupt):DEFINED (__CMP4Interrupt)?ABSOLUTE (__CMP4Interrupt):ABSOLUTE (__DefaultInterrupt)
                  0x0000d6          0x4 LONG 0x1ac DEFINED (__AltInterrupt33)?ABSOLUTE (__AltInterrupt33):DEFINED (__Interrupt33)?ABSOLUTE (__Interrupt33):ABSOLUTE (__DefaultInterrupt)
                  0x0000d8          0x4 LONG 0x1ac DEFINED (__AltInterrupt34)?ABSOLUTE (__AltInterrupt34):DEFINED (__Interrupt34)?ABSOLUTE (__Interrupt34):ABSOLUTE (__DefaultInterrupt)
                  0x0000da          0x4 LONG 0x1ac DEFINED (__AltInterrupt35)?ABSOLUTE (__AltInterrupt35):DEFINED (__Interrupt35)?ABSOLUTE (__Interrupt35):ABSOLUTE (__DefaultInterrupt)
                  0x0000dc          0x4 LONG 0x1ac DEFINED (__AltInterrupt36)?ABSOLUTE (__AltInterrupt36):DEFINED (__Interrupt36)?ABSOLUTE (__Interrupt36):ABSOLUTE (__DefaultInterrupt)
                  0x0000de          0x4 LONG 0x1ac DEFINED (__AltADCP0Interrupt)?ABSOLUTE (__AltADCP0Interrupt):DEFINED (__ADCP0Interrupt)?ABSOLUTE (__ADCP0Interrupt):ABSOLUTE (__DefaultInterrupt)
                  0x0000e0          0x4 LONG 0x1ac DEFINED (__AltADCP1Interrupt)?ABSOLUTE (__AltADCP1Interrupt):DEFINED (__ADCP1Interrupt)?ABSOLUTE (__ADCP1Interrupt):ABSOLUTE (__DefaultInterrupt)
                  0x0000e2          0x4 LONG 0x1ac DEFINED (__AltADCP2Interrupt)?ABSOLUTE (__AltADCP2Interrupt):DEFINED (__ADCP2Interrupt)?ABSOLUTE (__ADCP2Interrupt):ABSOLUTE (__DefaultInterrupt)
                  0x0000e4          0x4 LONG 0x1ac DEFINED (__AltADCP3Interrupt)?ABSOLUTE (__AltADCP3Interrupt):DEFINED (__ADCP3Interrupt)?ABSOLUTE (__ADCP3Interrupt):ABSOLUTE (__DefaultInterrupt)
                  0x0000e6          0x4 LONG 0x1ac DEFINED (__AltADCP4Interrupt)?ABSOLUTE (__AltADCP4Interrupt):DEFINED (__ADCP4Interrupt)?ABSOLUTE (__ADCP4Interrupt):ABSOLUTE (__DefaultInterrupt)
                  0x0000e8          0x4 LONG 0x1ac DEFINED (__AltADCP5Interrupt)?ABSOLUTE (__AltADCP5Interrupt):DEFINED (__ADCP5Interrupt)?ABSOLUTE (__ADCP5Interrupt):ABSOLUTE (__DefaultInterrupt)
                  0x0000ea          0x4 LONG 0x1ac DEFINED (__AltInterrupt43)?ABSOLUTE (__AltInterrupt43):DEFINED (__Interrupt43)?ABSOLUTE (__Interrupt43):ABSOLUTE (__DefaultInterrupt)
                  0x0000ec          0x4 LONG 0x1ac DEFINED (__AltInterrupt44)?ABSOLUTE (__AltInterrupt44):DEFINED (__Interrupt44)?ABSOLUTE (__Interrupt44):ABSOLUTE (__DefaultInterrupt)
                  0x0000ee          0x4 LONG 0x1ac DEFINED (__AltInterrupt45)?ABSOLUTE (__AltInterrupt45):DEFINED (__Interrupt45)?ABSOLUTE (__Interrupt45):ABSOLUTE (__DefaultInterrupt)
                  0x0000f0          0x4 LONG 0x1ac DEFINED (__AltInterrupt46)?ABSOLUTE (__AltInterrupt46):DEFINED (__Interrupt46)?ABSOLUTE (__Interrupt46):ABSOLUTE (__DefaultInterrupt)
                  0x0000f2          0x4 LONG 0x1ac DEFINED (__AltInterrupt47)?ABSOLUTE (__AltInterrupt47):DEFINED (__Interrupt47)?ABSOLUTE (__Interrupt47):ABSOLUTE (__DefaultInterrupt)
                  0x0000f4          0x4 LONG 0x1ac DEFINED (__AltInterrupt48)?ABSOLUTE (__AltInterrupt48):DEFINED (__Interrupt48)?ABSOLUTE (__Interrupt48):ABSOLUTE (__DefaultInterrupt)
                  0x0000f6          0x4 LONG 0x1ac DEFINED (__AltInterrupt49)?ABSOLUTE (__AltInterrupt49):DEFINED (__Interrupt49)?ABSOLUTE (__Interrupt49):ABSOLUTE (__DefaultInterrupt)
                  0x0000f8          0x4 LONG 0x1ac DEFINED (__AltInterrupt50)?ABSOLUTE (__AltInterrupt50):DEFINED (__Interrupt50)?ABSOLUTE (__Interrupt50):ABSOLUTE (__DefaultInterrupt)
                  0x0000fa          0x4 LONG 0x1ac DEFINED (__AltInterrupt51)?ABSOLUTE (__AltInterrupt51):DEFINED (__Interrupt51)?ABSOLUTE (__Interrupt51):ABSOLUTE (__DefaultInterrupt)
                  0x0000fc          0x4 LONG 0x1ac DEFINED (__AltInterrupt52)?ABSOLUTE (__AltInterrupt52):DEFINED (__Interrupt52)?ABSOLUTE (__Interrupt52):ABSOLUTE (__DefaultInterrupt)
                  0x0000fe          0x4 LONG 0x1ac DEFINED (__AltInterrupt53)?ABSOLUTE (__AltInterrupt53):DEFINED (__Interrupt53)?ABSOLUTE (__Interrupt53):ABSOLUTE (__DefaultInterrupt)
                    0x0000                  WREG0 = 0x0
                    0x0000                  _WREG0 = 0x0
                    0x0002                  WREG1 = 0x2
                    0x0002                  _WREG1 = 0x2
                    0x0004                  WREG2 = 0x4
                    0x0004                  _WREG2 = 0x4
                    0x0006                  WREG3 = 0x6
                    0x0006                  _WREG3 = 0x6
                    0x0008                  WREG4 = 0x8
                    0x0008                  _WREG4 = 0x8
                    0x000a                  WREG5 = 0xa
                    0x000a                  _WREG5 = 0xa
                    0x000c                  WREG6 = 0xc
                    0x000c                  _WREG6 = 0xc
                    0x000e                  WREG7 = 0xe
                    0x000e                  _WREG7 = 0xe
                    0x0010                  WREG8 = 0x10
                    0x0010                  _WREG8 = 0x10
                    0x0012                  WREG9 = 0x12
                    0x0012                  _WREG9 = 0x12
                    0x0014                  WREG10 = 0x14
                    0x0014                  _WREG10 = 0x14
                    0x0016                  WREG11 = 0x16
                    0x0016                  _WREG11 = 0x16
                    0x0018                  WREG12 = 0x18
                    0x0018                  _WREG12 = 0x18
                    0x001a                  WREG13 = 0x1a
                    0x001a                  _WREG13 = 0x1a
                    0x001c                  WREG14 = 0x1c
                    0x001c                  _WREG14 = 0x1c
                    0x001e                  WREG15 = 0x1e
                    0x001e                  _WREG15 = 0x1e
                    0x0020                  SPLIM = 0x20
                    0x0020                  _SPLIM = 0x20
                    0x0022                  ACCAL = 0x22
                    0x0022                  _ACCAL = 0x22
                    0x0024                  ACCAH = 0x24
                    0x0024                  _ACCAH = 0x24
                    0x0026                  ACCAU = 0x26
                    0x0026                  _ACCAU = 0x26
                    0x0028                  ACCBL = 0x28
                    0x0028                  _ACCBL = 0x28
                    0x002a                  ACCBH = 0x2a
                    0x002a                  _ACCBH = 0x2a
                    0x002c                  ACCBU = 0x2c
                    0x002c                  _ACCBU = 0x2c
                    0x002e                  PCL = 0x2e
                    0x002e                  _PCL = 0x2e
                    0x0030                  PCH = 0x30
                    0x0030                  _PCH = 0x30
                    0x0032                  TBLPAG = 0x32
                    0x0032                  _TBLPAG = 0x32
                    0x0034                  PSVPAG = 0x34
                    0x0034                  _PSVPAG = 0x34
                    0x0036                  RCOUNT = 0x36
                    0x0036                  _RCOUNT = 0x36
                    0x0038                  DCOUNT = 0x38
                    0x0038                  _DCOUNT = 0x38
                    0x003a                  DOSTARTL = 0x3a
                    0x003a                  _DOSTARTL = 0x3a
                    0x003c                  DOSTARTH = 0x3c
                    0x003c                  _DOSTARTH = 0x3c
                    0x003e                  DOENDL = 0x3e
                    0x003e                  _DOENDL = 0x3e
                    0x0040                  DOENDH = 0x40
                    0x0040                  _DOENDH = 0x40
                    0x0042                  SR = 0x42
                    0x0042                  _SR = 0x42
                    0x0042                  _SRbits = 0x42
                    0x0044                  CORCON = 0x44
                    0x0044                  _CORCON = 0x44
                    0x0044                  _CORCONbits = 0x44
                    0x0046                  MODCON = 0x46
                    0x0046                  _MODCON = 0x46
                    0x0046                  _MODCONbits = 0x46
                    0x0048                  XMODSRT = 0x48
                    0x0048                  _XMODSRT = 0x48
                    0x004a                  XMODEND = 0x4a
                    0x004a                  _XMODEND = 0x4a
                    0x004c                  YMODSRT = 0x4c
                    0x004c                  _YMODSRT = 0x4c
                    0x004e                  YMODEND = 0x4e
                    0x004e                  _YMODEND = 0x4e
                    0x0050                  XBREV = 0x50
                    0x0050                  _XBREV = 0x50
                    0x0050                  _XBREVbits = 0x50
                    0x0052                  DISICNT = 0x52
                    0x0052                  _DISICNT = 0x52
                    0x0052                  _DISICNTbits = 0x52
                    0x0060                  CNEN1 = 0x60
                    0x0060                  _CNEN1 = 0x60
                    0x0060                  _CNEN1bits = 0x60
                    0x0068                  CNPU1 = 0x68
                    0x0068                  _CNPU1 = 0x68
                    0x0068                  _CNPU1bits = 0x68
                    0x0080                  INTCON1 = 0x80
                    0x0080                  _INTCON1 = 0x80
                    0x0080                  _INTCON1bits = 0x80
                    0x0082                  INTCON2 = 0x82
                    0x0082                  _INTCON2 = 0x82
                    0x0082                  _INTCON2bits = 0x82
                    0x0084                  IFS0 = 0x84
                    0x0084                  _IFS0 = 0x84
                    0x0084                  _IFS0bits = 0x84
                    0x0086                  IFS1 = 0x86
                    0x0086                  _IFS1 = 0x86
                    0x0086                  _IFS1bits = 0x86
                    0x0088                  IFS2 = 0x88
                    0x0088                  _IFS2 = 0x88
                    0x0088                  _IFS2bits = 0x88
                    0x0094                  IEC0 = 0x94
                    0x0094                  _IEC0 = 0x94
                    0x0094                  _IEC0bits = 0x94
                    0x0096                  IEC1 = 0x96
                    0x0096                  _IEC1 = 0x96
                    0x0096                  _IEC1bits = 0x96
                    0x0098                  IEC2 = 0x98
                    0x0098                  _IEC2 = 0x98
                    0x0098                  _IEC2bits = 0x98
                    0x00a4                  IPC0 = 0xa4
                    0x00a4                  _IPC0 = 0xa4
                    0x00a4                  _IPC0bits = 0xa4
                    0x00a6                  IPC1 = 0xa6
                    0x00a6                  _IPC1 = 0xa6
                    0x00a6                  _IPC1bits = 0xa6
                    0x00a8                  IPC2 = 0xa8
                    0x00a8                  _IPC2 = 0xa8
                    0x00a8                  _IPC2bits = 0xa8
                    0x00aa                  IPC3 = 0xaa
                    0x00aa                  _IPC3 = 0xaa
                    0x00aa                  _IPC3bits = 0xaa
                    0x00ac                  IPC4 = 0xac
                    0x00ac                  _IPC4 = 0xac
                    0x00ac                  _IPC4bits = 0xac
                    0x00ae                  IPC5 = 0xae
                    0x00ae                  _IPC5 = 0xae
                    0x00ae                  _IPC5bits = 0xae
                    0x00b0                  IPC6 = 0xb0
                    0x00b0                  _IPC6 = 0xb0
                    0x00b0                  _IPC6bits = 0xb0
                    0x00b2                  IPC7 = 0xb2
                    0x00b2                  _IPC7 = 0xb2
                    0x00b2                  _IPC7bits = 0xb2
                    0x00b4                  IPC8 = 0xb4
                    0x00b4                  _IPC8 = 0xb4
                    0x00b4                  _IPC8bits = 0xb4
                    0x00b6                  IPC9 = 0xb6
                    0x00b6                  _IPC9 = 0xb6
                    0x00b6                  _IPC9bits = 0xb6
                    0x00b8                  IPC10 = 0xb8
                    0x00b8                  _IPC10 = 0xb8
                    0x00b8                  _IPC10bits = 0xb8
                    0x00e0                  INTTREG = 0xe0
                    0x00e0                  _INTTREG = 0xe0
                    0x00e0                  _INTTREGbits = 0xe0
                    0x0100                  TMR1 = 0x100
                    0x0100                  _TMR1 = 0x100
                    0x0102                  PR1 = 0x102
                    0x0102                  _PR1 = 0x102
                    0x0104                  T1CON = 0x104
                    0x0104                  _T1CON = 0x104
                    0x0104                  _T1CONbits = 0x104
                    0x0106                  TMR2 = 0x106
                    0x0106                  _TMR2 = 0x106
                    0x0108                  TMR3HLD = 0x108
                    0x0108                  _TMR3HLD = 0x108
                    0x010a                  TMR3 = 0x10a
                    0x010a                  _TMR3 = 0x10a
                    0x010c                  PR2 = 0x10c
                    0x010c                  _PR2 = 0x10c
                    0x010e                  PR3 = 0x10e
                    0x010e                  _PR3 = 0x10e
                    0x0110                  T2CON = 0x110
                    0x0110                  _T2CON = 0x110
                    0x0110                  _T2CONbits = 0x110
                    0x0112                  T3CON = 0x112
                    0x0112                  _T3CON = 0x112
                    0x0112                  _T3CONbits = 0x112
                    0x0140                  IC1BUF = 0x140
                    0x0140                  _IC1BUF = 0x140
                    0x0142                  IC1CON = 0x142
                    0x0142                  _IC1CON = 0x142
                    0x0142                  _IC1CONbits = 0x142
                    0x0180                  OC1RS = 0x180
                    0x0180                  _OC1RS = 0x180
                    0x0182                  OC1R = 0x182
                    0x0182                  _OC1R = 0x182
                    0x0184                  OC1CON = 0x184
                    0x0184                  _OC1CON = 0x184
                    0x0184                  _OC1CONbits = 0x184
                    0x0186                  OC2RS = 0x186
                    0x0186                  _OC2RS = 0x186
                    0x0188                  OC2R = 0x188
                    0x0188                  _OC2R = 0x188
                    0x018a                  OC2CON = 0x18a
                    0x018a                  _OC2CON = 0x18a
                    0x018a                  _OC2CONbits = 0x18a
                    0x0200                  I2CRCV = 0x200
                    0x0200                  _I2CRCV = 0x200
                    0x0200                  _I2CRCVbits = 0x200
                    0x0202                  I2CTRN = 0x202
                    0x0202                  _I2CTRN = 0x202
                    0x0202                  _I2CTRNbits = 0x202
                    0x0204                  I2CBRG = 0x204
                    0x0204                  _I2CBRG = 0x204
                    0x0204                  _I2CBRGbits = 0x204
                    0x0206                  I2CCON = 0x206
                    0x0206                  _I2CCON = 0x206
                    0x0206                  _I2CCONbits = 0x206
                    0x0208                  I2CSTAT = 0x208
                    0x0208                  _I2CSTAT = 0x208
                    0x0208                  _I2CSTATbits = 0x208
                    0x020a                  I2CADD = 0x20a
                    0x020a                  _I2CADD = 0x20a
                    0x020a                  _I2CADDbits = 0x20a
                    0x0220                  U1MODE = 0x220
                    0x0220                  _U1MODE = 0x220
                    0x0220                  _U1MODEbits = 0x220
                    0x0222                  U1STA = 0x222
                    0x0222                  _U1STA = 0x222
                    0x0222                  _U1STAbits = 0x222
                    0x0224                  U1TXREG = 0x224
                    0x0224                  _U1TXREG = 0x224
                    0x0224                  _U1TXREGbits = 0x224
                    0x0226                  U1RXREG = 0x226
                    0x0226                  _U1RXREG = 0x226
                    0x0226                  _U1RXREGbits = 0x226
                    0x0228                  U1BRG = 0x228
                    0x0228                  _U1BRG = 0x228
                    0x0240                  SPI1STAT = 0x240
                    0x0240                  _SPI1STAT = 0x240
                    0x0240                  _SPI1STATbits = 0x240
                    0x0242                  SPI1CON1 = 0x242
                    0x0242                  _SPI1CON1 = 0x242
                    0x0242                  _SPI1CON1bits = 0x242
                    0x0244                  SPI1CON2 = 0x244
                    0x0244                  _SPI1CON2 = 0x244
                    0x0244                  _SPI1CON2bits = 0x244
                    0x0246                  SPI1BUF = 0x246
                    0x0246                  _SPI1BUF = 0x246
                    0x02c0                  TRISA = 0x2c0
                    0x02c0                  _TRISA = 0x2c0
                    0x02c0                  _TRISAbits = 0x2c0
                    0x02c2                  PORTA = 0x2c2
                    0x02c2                  _PORTA = 0x2c2
                    0x02c2                  _PORTAbits = 0x2c2
                    0x02c4                  LATA = 0x2c4
                    0x02c4                  _LATA = 0x2c4
                    0x02c4                  _LATAbits = 0x2c4
                    0x02c6                  TRISB = 0x2c6
                    0x02c6                  _TRISB = 0x2c6
                    0x02c6                  _TRISBbits = 0x2c6
                    0x02c8                  PORTB = 0x2c8
                    0x02c8                  _PORTB = 0x2c8
                    0x02c8                  _PORTBbits = 0x2c8
                    0x02ca                  LATB = 0x2ca
                    0x02ca                  _LATB = 0x2ca
                    0x02ca                  _LATBbits = 0x2ca
                    0x02d2                  TRISD = 0x2d2
                    0x02d2                  _TRISD = 0x2d2
                    0x02d2                  _TRISDbits = 0x2d2
                    0x02d4                  PORTD = 0x2d4
                    0x02d4                  _PORTD = 0x2d4
                    0x02d4                  _PORTDbits = 0x2d4
                    0x02d6                  LATD = 0x2d6
                    0x02d6                  _LATD = 0x2d6
                    0x02d6                  _LATDbits = 0x2d6
                    0x02d8                  TRISE = 0x2d8
                    0x02d8                  _TRISE = 0x2d8
                    0x02d8                  _TRISEbits = 0x2d8
                    0x02da                  PORTE = 0x2da
                    0x02da                  _PORTE = 0x2da
                    0x02da                  _PORTEbits = 0x2da
                    0x02dc                  LATE = 0x2dc
                    0x02dc                  _LATE = 0x2dc
                    0x02dc                  _LATEbits = 0x2dc
                    0x02de                  TRISF = 0x2de
                    0x02de                  _TRISF = 0x2de
                    0x02de                  _TRISFbits = 0x2de
                    0x02e0                  PORTF = 0x2e0
                    0x02e0                  _PORTF = 0x2e0
                    0x02e0                  _PORTFbits = 0x2e0
                    0x02e2                  LATF = 0x2e2
                    0x02e2                  _LATF = 0x2e2
                    0x02e2                  _LATFbits = 0x2e2
                    0x02e4                  TRISG = 0x2e4
                    0x02e4                  _TRISG = 0x2e4
                    0x02e4                  _TRISGbits = 0x2e4
                    0x02e6                  PORTG = 0x2e6
                    0x02e6                  _PORTG = 0x2e6
                    0x02e6                  _PORTGbits = 0x2e6
                    0x02e8                  LATG = 0x2e8
                    0x02e8                  _LATG = 0x2e8
                    0x02e8                  _LATGbits = 0x2e8
                    0x0300                  ADCON = 0x300
                    0x0300                  _ADCON = 0x300
                    0x0300                  _ADCONbits = 0x300
                    0x0302                  ADPCFG = 0x302
                    0x0302                  _ADPCFG = 0x302
                    0x0302                  _ADPCFGbits = 0x302
                    0x0306                  ADSTAT = 0x306
                    0x0306                  _ADSTAT = 0x306
                    0x0306                  _ADSTATbits = 0x306
                    0x0308                  ADBASE = 0x308
                    0x0308                  _ADBASE = 0x308
                    0x0308                  _ADBASEbits = 0x308
                    0x030a                  ADCPC0 = 0x30a
                    0x030a                  _ADCPC0 = 0x30a
                    0x030a                  _ADCPC0bits = 0x30a
                    0x030c                  ADCPC1 = 0x30c
                    0x030c                  _ADCPC1 = 0x30c
                    0x030c                  _ADCPC1bits = 0x30c
                    0x030e                  ADCPC2 = 0x30e
                    0x030e                  _ADCPC2 = 0x30e
                    0x030e                  _ADCPC2bits = 0x30e
                    0x0320                  ADCBUF0 = 0x320
                    0x0320                  _ADCBUF0 = 0x320
                    0x0322                  ADCBUF1 = 0x322
                    0x0322                  _ADCBUF1 = 0x322
                    0x0324                  ADCBUF2 = 0x324
                    0x0324                  _ADCBUF2 = 0x324
                    0x0326                  ADCBUF3 = 0x326
                    0x0326                  _ADCBUF3 = 0x326
                    0x0328                  ADCBUF4 = 0x328
                    0x0328                  _ADCBUF4 = 0x328
                    0x032a                  ADCBUF5 = 0x32a
                    0x032a                  _ADCBUF5 = 0x32a
                    0x032c                  ADCBUF6 = 0x32c
                    0x032c                  _ADCBUF6 = 0x32c
                    0x032e                  ADCBUF7 = 0x32e
                    0x032e                  _ADCBUF7 = 0x32e
                    0x0330                  ADCBUF8 = 0x330
                    0x0330                  _ADCBUF8 = 0x330
                    0x0332                  ADCBUF9 = 0x332
                    0x0332                  _ADCBUF9 = 0x332
                    0x0334                  ADCBUF10 = 0x334
                    0x0334                  _ADCBUF10 = 0x334
                    0x0334                  ADCBUFA = 0x334
                    0x0334                  _ADCBUFA = 0x334
                    0x0336                  ADCBUF11 = 0x336
                    0x0336                  _ADCBUF11 = 0x336
                    0x0336                  ADCBUFB = 0x336
                    0x0336                  _ADCBUFB = 0x336
                    0x0400                  PTCON = 0x400
                    0x0400                  _PTCON = 0x400
                    0x0400                  _PTCONbits = 0x400
                    0x0402                  PTPER = 0x402
                    0x0402                  _PTPER = 0x402
                    0x0402                  _PTPERbits = 0x402
                    0x0404                  MDC = 0x404
                    0x0404                  _MDC = 0x404
                    0x0406                  SEVTCMP = 0x406
                    0x0406                  _SEVTCMP = 0x406
                    0x0406                  _SEVTCMPbits = 0x406
                    0x0408                  PWMCON1 = 0x408
                    0x0408                  _PWMCON1 = 0x408
                    0x0408                  _PWMCON1bits = 0x408
                    0x040a                  IOCON1 = 0x40a
                    0x040a                  _IOCON1 = 0x40a
                    0x040a                  _IOCON1bits = 0x40a
                    0x040c                  FCLCON1 = 0x40c
                    0x040c                  _FCLCON1 = 0x40c
                    0x040c                  _FCLCON1bits = 0x40c
                    0x040e                  PDC1 = 0x40e
                    0x040e                  _PDC1 = 0x40e
                    0x0410                  PHASE1 = 0x410
                    0x0410                  _PHASE1 = 0x410
                    0x0412                  DTR1 = 0x412
                    0x0412                  _DTR1 = 0x412
                    0x0414                  ALTDTR1 = 0x414
                    0x0414                  _ALTDTR1 = 0x414
                    0x0416                  TRIG1 = 0x416
                    0x0416                  _TRIG1 = 0x416
                    0x0416                  _TRIG1bits = 0x416
                    0x0418                  TRGCON1 = 0x418
                    0x0418                  _TRGCON1 = 0x418
                    0x0418                  _TRGCON1bits = 0x418
                    0x041a                  LEBCON1 = 0x41a
                    0x041a                  _LEBCON1 = 0x41a
                    0x041a                  _LEBCON1bits = 0x41a
                    0x041c                  PWMCON2 = 0x41c
                    0x041c                  _PWMCON2 = 0x41c
                    0x041c                  _PWMCON2bits = 0x41c
                    0x041e                  IOCON2 = 0x41e
                    0x041e                  _IOCON2 = 0x41e
                    0x041e                  _IOCON2bits = 0x41e
                    0x0420                  FCLCON2 = 0x420
                    0x0420                  _FCLCON2 = 0x420
                    0x0420                  _FCLCON2bits = 0x420
                    0x0422                  PDC2 = 0x422
                    0x0422                  _PDC2 = 0x422
                    0x0424                  PHASE2 = 0x424
                    0x0424                  _PHASE2 = 0x424
                    0x0426                  DTR2 = 0x426
                    0x0426                  _DTR2 = 0x426
                    0x0428                  ALTDTR2 = 0x428
                    0x0428                  _ALTDTR2 = 0x428
                    0x042a                  TRIG2 = 0x42a
                    0x042a                  _TRIG2 = 0x42a
                    0x042a                  _TRIG2bits = 0x42a
                    0x042c                  TRGCON2 = 0x42c
                    0x042c                  _TRGCON2 = 0x42c
                    0x042c                  _TRGCON2bits = 0x42c
                    0x042e                  LEBCON2 = 0x42e
                    0x042e                  _LEBCON2 = 0x42e
                    0x042e                  _LEBCON2bits = 0x42e
                    0x0430                  PWMCON3 = 0x430
                    0x0430                  _PWMCON3 = 0x430
                    0x0430                  _PWMCON3bits = 0x430
                    0x0432                  IOCON3 = 0x432
                    0x0432                  _IOCON3 = 0x432
                    0x0432                  _IOCON3bits = 0x432
                    0x0434                  FCLCON3 = 0x434
                    0x0434                  _FCLCON3 = 0x434
                    0x0434                  _FCLCON3bits = 0x434
                    0x0436                  PDC3 = 0x436
                    0x0436                  _PDC3 = 0x436
                    0x0438                  PHASE3 = 0x438
                    0x0438                  _PHASE3 = 0x438
                    0x043a                  DTR3 = 0x43a
                    0x043a                  _DTR3 = 0x43a
                    0x043c                  ALTDTR3 = 0x43c
                    0x043c                  _ALTDTR3 = 0x43c
                    0x043e                  TRIG3 = 0x43e
                    0x043e                  _TRIG3 = 0x43e
                    0x043e                  _TRIG3bits = 0x43e
                    0x0440                  TRGCON3 = 0x440
                    0x0440                  _TRGCON3 = 0x440
                    0x0440                  _TRGCON3bits = 0x440
                    0x0442                  LEBCON3 = 0x442
                    0x0442                  _LEBCON3 = 0x442
                    0x0442                  _LEBCON3bits = 0x442
                    0x0444                  PWMCON4 = 0x444
                    0x0444                  _PWMCON4 = 0x444
                    0x0444                  _PWMCON4bits = 0x444
                    0x0446                  IOCON4 = 0x446
                    0x0446                  _IOCON4 = 0x446
                    0x0446                  _IOCON4bits = 0x446
                    0x0448                  FCLCON4 = 0x448
                    0x0448                  _FCLCON4 = 0x448
                    0x0448                  _FCLCON4bits = 0x448
                    0x044a                  PDC4 = 0x44a
                    0x044a                  _PDC4 = 0x44a
                    0x044c                  PHASE4 = 0x44c
                    0x044c                  _PHASE4 = 0x44c
                    0x044e                  DTR4 = 0x44e
                    0x044e                  _DTR4 = 0x44e
                    0x0450                  ALTDTR4 = 0x450
                    0x0450                  _ALTDTR4 = 0x450
                    0x0452                  TRIG4 = 0x452
                    0x0452                  _TRIG4 = 0x452
                    0x0452                  _TRIG4bits = 0x452
                    0x0454                  TRGCON4 = 0x454
                    0x0454                  _TRGCON4 = 0x454
                    0x0454                  _TRGCON4bits = 0x454
                    0x0456                  LEBCON4 = 0x456
                    0x0456                  _LEBCON4 = 0x456
                    0x0456                  _LEBCON4bits = 0x456
                    0x04c0                  CMPCON1 = 0x4c0
                    0x04c0                  _CMPCON1 = 0x4c0
                    0x04c0                  _CMPCON1bits = 0x4c0
                    0x04c2                  CMPDAC1 = 0x4c2
                    0x04c2                  _CMPDAC1 = 0x4c2
                    0x04c2                  _CMPDAC1bits = 0x4c2
                    0x04c4                  CMPCON2 = 0x4c4
                    0x04c4                  _CMPCON2 = 0x4c4
                    0x04c4                  _CMPCON2bits = 0x4c4
                    0x04c6                  CMPDAC2 = 0x4c6
                    0x04c6                  _CMPDAC2 = 0x4c6
                    0x04c6                  _CMPDAC2bits = 0x4c6
                    0x04c8                  CMPCON3 = 0x4c8
                    0x04c8                  _CMPCON3 = 0x4c8
                    0x04c8                  _CMPCON3bits = 0x4c8
                    0x04ca                  CMPDAC3 = 0x4ca
                    0x04ca                  _CMPDAC3 = 0x4ca
                    0x04ca                  _CMPDAC3bits = 0x4ca
                    0x04cc                  CMPCON4 = 0x4cc
                    0x04cc                  _CMPCON4 = 0x4cc
                    0x04cc                  _CMPCON4bits = 0x4cc
                    0x04ce                  CMPDAC4 = 0x4ce
                    0x04ce                  _CMPDAC4 = 0x4ce
                    0x04ce                  _CMPDAC4bits = 0x4ce
                    0x0740                  RCON = 0x740
                    0x0740                  _RCON = 0x740
                    0x0740                  _RCONbits = 0x740
                    0x0742                  OSCCON = 0x742
                    0x0742                  _OSCCON = 0x742
                    0x0742                  _OSCCONbits = 0x742
                    0x0742                  OSCCONL = 0x742
                    0x0742                  _OSCCONL = 0x742
                    0x0743                  OSCCONH = 0x743
                    0x0743                  _OSCCONH = 0x743
                    0x0748                  OSCTUN = 0x748
                    0x0748                  _OSCTUN = 0x748
                    0x0748                  _OSCTUNbits = 0x748
                    0x074a                  OSCTUN2 = 0x74a
                    0x074a                  _OSCTUN2 = 0x74a
                    0x074a                  _OSCTUN2bits = 0x74a
                    0x074c                  LFSR = 0x74c
                    0x074c                  _LFSR = 0x74c
                    0x0750                  BSRAM = 0x750
                    0x0750                  _BSRAM = 0x750
                    0x0750                  _BSRAMbits = 0x750
                    0x0760                  NVMCON = 0x760
                    0x0760                  _NVMCON = 0x760
                    0x0760                  _NVMCONbits = 0x760
                    0x0762                  NVMADR = 0x762
                    0x0762                  _NVMADR = 0x762
                    0x0764                  NVMADRU = 0x764
                    0x0764                  _NVMADRU = 0x764
                    0x0764                  _NVMADRUbits = 0x764
                    0x0766                  NVMKEY = 0x766
                    0x0766                  _NVMKEY = 0x766
                    0x0766                  _NVMKEYbits = 0x766
                    0x0770                  PMD1 = 0x770
                    0x0770                  _PMD1 = 0x770
                    0x0770                  _PMD1bits = 0x770
                    0x0772                  PMD2 = 0x772
                    0x0772                  _PMD2 = 0x772
                    0x0772                  _PMD2bits = 0x772
                    0x0774                  PMD3 = 0x774
                    0x0774                  _PMD3 = 0x774
                    0x0774                  _PMD3bits = 0x774
                    0x0022                  ACCA = 0x22
                    0x0022                  _ACCA = 0x22
                    0x0028                  ACCB = 0x28
                    0x0028                  _ACCB = 0x28
                    0x0140                  IC1 = 0x140
                    0x0140                  _IC1 = 0x140
                    0x0180                  OC1 = 0x180
                    0x0180                  _OC1 = 0x180
                    0x0186                  OC2 = 0x186
                    0x0186                  _OC2 = 0x186
                    0x0240                  SPI1 = 0x240
                    0x0240                  _SPI1 = 0x240
                    0x0220                  UART1 = 0x220
                    0x0220                  _UART1 = 0x220
                    0x0001                  __MPLAB_BUILD = 0x1
                    0x0001                  __MPLAB_DEBUG = 0x1
START GROUP
LOAD c:/program files/microchip/mplab c30/bin/bin/../../lib\libpic30-coff.a
LOAD c:/program files/microchip/mplab c30/bin/bin/../../lib\libm-coff.a
LOAD c:/program files/microchip/mplab c30/bin/bin/../../lib\libc-coff.a
END GROUP
OUTPUT(AFC.cof coff-pic30)
LOAD FGS
LOAD data_init
LOAD default_isr

__c30_signature
                  0x000000         0x30
 __c30_signature
                  0x000000          0x6 main.o
 __c30_signature
                  0x000006          0x6 init.o
 __c30_signature
                  0x00000c          0x6 Interrupts.o
 __c30_signature
                  0x000012          0x6 M24LC64F.o
 __c30_signature
                  0x000018          0x6 MCP4725F.o
 __c30_signature
                  0x00001e          0x6 c:/program files/microchip/mplab c30/bin/bin/../../lib\libpic30-coff.a(crt0_standard.o)
 __c30_signature
                  0x000024          0x6 c:/program files/microchip/mplab c30/bin/bin/../../lib\libpic30-coff.a(delay32.o)
 __c30_signature
                  0x00002a          0x6 c:/program files/microchip/mplab c30/bin/bin/../../lib\libpic30-coff.a(data_init_standard.o)

.nbss               0x0800         0x3c
 .nbss              0x0800         0x3c main.o
                    0x0800                  state
                    0x0802                  IMotor1
                    0x0804                  IMotor2
                    0x0806                  triggerINT
                    0x0808                  motorOrDelay
                    0x080a                  setDir
                    0x080c                  stepSize
                    0x080e                  motorStep
                    0x0810                  motorPos
                    0x0812                  homePos
                    0x0814                  motorPosAddress
                    0x0816                  error
                    0x0818                  homeAddress
                    0x081a                  sampleTrigger
                    0x081c                  faultStatus
                    0x081e                  count
                    0x0820                  heatPerPulse
                    0x0822                  prevReflectedPower
                    0x0824                  reflectedPower
                    0x0826                  coolRate
                    0x0828                  thermalCounter
                    0x082a                  thermalCounter2
                    0x082c                  target
                    0x082e                  heatAccumulator
                    0x0832                  counterA
                    0x0834                  counterB
                    0x0836                  warmUpComplete
                    0x0838                  autoControl
                    0x083a                  manualControl

.const              0x81b0        0x200 load address 0x0001b0  
 .const             0x81b0        0x200 Interrupts.o
                    0x81b0                  winding1ATable
                    0x82b0                  winding1BTable

.text             0x0003b0        0xdc0
 .text            0x0003b0        0x4e0 main.o
                  0x0003b0                  main
                  0x0003d0                  stateMachine
                  0x00064a                  checkState
                  0x00068e                  calcThermalError
                  0x00069c                  moveMotorThermal
                  0x00070e                  moveMotor
                  0x000722                  updateAnalogOut
                  0x000732                  disableINT0
                  0x00073e                  enableINT0
                  0x00074a                  checkFaults
                  0x00080e                  indexMotor
 .text            0x000890        0x2c0 init.o
                  0x000890                  initPeripherals
                  0x00091e                  initInterrupts
                  0x000964                  initPWM
                  0x000a84                  initADC
                  0x000af8                  initTMR
 .text            0x000b50        0x2b8 M24LC64F.o
                  0x000b50                  M24LC64FWriteWord
                  0x000ba4                  M24LC64FReadWord
                  0x000c04                  ByteWriteI2C
                  0x000d24                  ByteReadI2C
 .text            0x000e08        0x1d4 MCP4725F.o
                  0x000e08                  MCP4725FWriteWord
                  0x000ee2                  MCP4725FReadWord
 .text            0x000fdc        0x194 Interrupts.o
                  0x000fdc                  _ADCInterrupt
                  0x000fe8                  _PWMSpEventMatchInterrupt
                  0x0010fc                  _INT0Interrupt
                  0x001138                  _INT2Interrupt
                  0x001152                  _T2Interrupt
                  0x001166                  _T3Interrupt

.dinit            0x001170          0x8
 .dinit           0x001170          0x8 data_init
